src/pages/EventDetailPage.tsx(6,26): error TS6133: 'formatDate' is declared but its value is never read.
